00:00 +0: loading F:/Repositories/Egg Walker/test/widget_test.dart
00:00 +0 -1: loading F:/Repositories/Egg Walker/test/widget_test.dart [E]
  Failed to load "F:/Repositories/Egg Walker/test/widget_test.dart":
  Compilation failed for testPath=F:/Repositories/Egg Walker/test/widget_test.dart: test/widget_test.dart:9:56: Error: Method not found: 'MyApp'.
      await tester.pumpWidget(const ProviderScope(child: MyApp()));
                                                         ^^^^^
  .
00:00 +0 -1: Some tests failed.
